[2024-11-04T21:06:35.694-0500][gc] Using G1
[2024-11-04T21:06:35.700-0500][gc,init] Version: 17.0.12+7-Ubuntu-1ubuntu222.04 (release)
[2024-11-04T21:06:35.700-0500][gc,init] CPUs: 12 total, 12 available
[2024-11-04T21:06:35.700-0500][gc,init] Memory: 7841M
[2024-11-04T21:06:35.700-0500][gc,init] Large Page Support: Disabled
[2024-11-04T21:06:35.700-0500][gc,init] NUMA Support: Disabled
[2024-11-04T21:06:35.700-0500][gc,init] Compressed Oops: Enabled (32-bit)
[2024-11-04T21:06:35.700-0500][gc,init] Heap Region Size: 1M
[2024-11-04T21:06:35.700-0500][gc,init] Heap Min Capacity: 1G
[2024-11-04T21:06:35.700-0500][gc,init] Heap Initial Capacity: 1G
[2024-11-04T21:06:35.700-0500][gc,init] Heap Max Capacity: 1G
[2024-11-04T21:06:35.700-0500][gc,init] Pre-touch: Disabled
[2024-11-04T21:06:35.700-0500][gc,init] Parallel Workers: 10
[2024-11-04T21:06:35.700-0500][gc,init] Concurrent Workers: 3
[2024-11-04T21:06:35.700-0500][gc,init] Concurrent Refinement Workers: 10
[2024-11-04T21:06:35.700-0500][gc,init] Periodic GC: Disabled
[2024-11-04T21:06:35.704-0500][gc,metaspace] CDS archive(s) mapped at: [0x00007f3477000000-0x00007f3477bc4000-0x00007f3477bc4000), size 12337152, SharedBaseAddress: 0x00007f3477000000, ArchiveRelocationMode: 1.
[2024-11-04T21:06:35.704-0500][gc,metaspace] Compressed class space mapped at: 0x00007f3478000000-0x00007f34b8000000, reserved size: 1073741824
[2024-11-04T21:06:35.704-0500][gc,metaspace] Narrow klass base: 0x00007f3477000000, Narrow klass shift: 0, Narrow klass range: 0x100000000
[2024-11-04T21:06:36.377-0500][gc,start    ] GC(0) Pause Young (Normal) (G1 Evacuation Pause)
[2024-11-04T21:06:36.378-0500][gc,task     ] GC(0) Using 10 workers of 10 for evacuation
[2024-11-04T21:06:36.385-0500][gc,phases   ] GC(0)   Pre Evacuate Collection Set: 0.1ms
[2024-11-04T21:06:36.386-0500][gc,phases   ] GC(0)   Merge Heap Roots: 0.1ms
[2024-11-04T21:06:36.386-0500][gc,phases   ] GC(0)   Evacuate Collection Set: 6.7ms
[2024-11-04T21:06:36.386-0500][gc,phases   ] GC(0)   Post Evacuate Collection Set: 0.6ms
[2024-11-04T21:06:36.386-0500][gc,phases   ] GC(0)   Other: 1.2ms
[2024-11-04T21:06:36.386-0500][gc,heap     ] GC(0) Eden regions: 51->0(44)
[2024-11-04T21:06:36.386-0500][gc,heap     ] GC(0) Survivor regions: 0->7(7)
[2024-11-04T21:06:36.386-0500][gc,heap     ] GC(0) Old regions: 0->2
[2024-11-04T21:06:36.386-0500][gc,heap     ] GC(0) Archive regions: 2->2
[2024-11-04T21:06:36.386-0500][gc,heap     ] GC(0) Humongous regions: 0->0
[2024-11-04T21:06:36.386-0500][gc,metaspace] GC(0) Metaspace: 18155K(18368K)->18155K(18368K) NonClass: 16138K(16256K)->16138K(16256K) Class: 2017K(2112K)->2017K(2112K)
[2024-11-04T21:06:36.386-0500][gc          ] GC(0) Pause Young (Normal) (G1 Evacuation Pause) 51M->9M(1024M) 8.874ms
[2024-11-04T21:06:36.386-0500][gc,cpu      ] GC(0) User=0.00s Sys=0.06s Real=0.01s
[2024-11-04T21:06:36.539-0500][gc,start    ] GC(1) Pause Young (Concurrent Start) (Metadata GC Threshold)
[2024-11-04T21:06:36.539-0500][gc,task     ] GC(1) Using 10 workers of 10 for evacuation
[2024-11-04T21:06:36.545-0500][gc,phases   ] GC(1)   Pre Evacuate Collection Set: 0.2ms
[2024-11-04T21:06:36.545-0500][gc,phases   ] GC(1)   Merge Heap Roots: 0.1ms
[2024-11-04T21:06:36.545-0500][gc,phases   ] GC(1)   Evacuate Collection Set: 5.5ms
[2024-11-04T21:06:36.545-0500][gc,phases   ] GC(1)   Post Evacuate Collection Set: 0.4ms
[2024-11-04T21:06:36.545-0500][gc,phases   ] GC(1)   Other: 0.2ms
[2024-11-04T21:06:36.545-0500][gc,heap     ] GC(1) Eden regions: 15->0(49)
[2024-11-04T21:06:36.545-0500][gc,heap     ] GC(1) Survivor regions: 7->2(7)
[2024-11-04T21:06:36.545-0500][gc,heap     ] GC(1) Old regions: 2->9
[2024-11-04T21:06:36.545-0500][gc,heap     ] GC(1) Archive regions: 2->2
[2024-11-04T21:06:36.545-0500][gc,heap     ] GC(1) Humongous regions: 0->0
[2024-11-04T21:06:36.545-0500][gc,metaspace] GC(1) Metaspace: 21377K(21504K)->21377K(21504K) NonClass: 18960K(19008K)->18960K(19008K) Class: 2417K(2496K)->2417K(2496K)
[2024-11-04T21:06:36.545-0500][gc          ] GC(1) Pause Young (Concurrent Start) (Metadata GC Threshold) 23M->11M(1024M) 6.442ms
[2024-11-04T21:06:36.545-0500][gc,cpu      ] GC(1) User=0.05s Sys=0.00s Real=0.00s
[2024-11-04T21:06:36.545-0500][gc          ] GC(2) Concurrent Mark Cycle
[2024-11-04T21:06:36.545-0500][gc,marking  ] GC(2) Concurrent Clear Claimed Marks
[2024-11-04T21:06:36.545-0500][gc,marking  ] GC(2) Concurrent Clear Claimed Marks 0.031ms
[2024-11-04T21:06:36.545-0500][gc,marking  ] GC(2) Concurrent Scan Root Regions
[2024-11-04T21:06:36.547-0500][gc,marking  ] GC(2) Concurrent Scan Root Regions 1.331ms
[2024-11-04T21:06:36.547-0500][gc,marking  ] GC(2) Concurrent Mark
[2024-11-04T21:06:36.547-0500][gc,marking  ] GC(2) Concurrent Mark From Roots
[2024-11-04T21:06:36.547-0500][gc,task     ] GC(2) Using 3 workers of 3 for marking
[2024-11-04T21:06:36.548-0500][gc,marking  ] GC(2) Concurrent Mark From Roots 1.080ms
[2024-11-04T21:06:36.548-0500][gc,marking  ] GC(2) Concurrent Preclean
[2024-11-04T21:06:36.548-0500][gc,marking  ] GC(2) Concurrent Preclean 0.090ms
[2024-11-04T21:06:36.548-0500][gc,start    ] GC(2) Pause Remark
[2024-11-04T21:06:36.549-0500][gc          ] GC(2) Pause Remark 12M->12M(1024M) 1.235ms
[2024-11-04T21:06:36.549-0500][gc,cpu      ] GC(2) User=0.00s Sys=0.00s Real=0.01s
[2024-11-04T21:06:36.549-0500][gc,marking  ] GC(2) Concurrent Mark 2.654ms
[2024-11-04T21:06:36.549-0500][gc,marking  ] GC(2) Concurrent Rebuild Remembered Sets
[2024-11-04T21:06:36.550-0500][gc,marking  ] GC(2) Concurrent Rebuild Remembered Sets 0.930ms
[2024-11-04T21:06:36.550-0500][gc,start    ] GC(2) Pause Cleanup
[2024-11-04T21:06:36.551-0500][gc          ] GC(2) Pause Cleanup 12M->12M(1024M) 0.155ms
[2024-11-04T21:06:36.551-0500][gc,cpu      ] GC(2) User=0.00s Sys=0.00s Real=0.00s
[2024-11-04T21:06:36.551-0500][gc,marking  ] GC(2) Concurrent Cleanup for Next Mark
[2024-11-04T21:06:36.554-0500][gc,marking  ] GC(2) Concurrent Cleanup for Next Mark 3.597ms
[2024-11-04T21:06:36.554-0500][gc          ] GC(2) Concurrent Mark Cycle 9.091ms
[2024-11-04T21:06:36.949-0500][gc,start    ] GC(3) Pause Young (Normal) (G1 Evacuation Pause)
[2024-11-04T21:06:36.949-0500][gc,task     ] GC(3) Using 10 workers of 10 for evacuation
[2024-11-04T21:06:36.951-0500][gc,phases   ] GC(3)   Pre Evacuate Collection Set: 0.1ms
[2024-11-04T21:06:36.951-0500][gc,phases   ] GC(3)   Merge Heap Roots: 0.1ms
[2024-11-04T21:06:36.951-0500][gc,phases   ] GC(3)   Evacuate Collection Set: 1.5ms
[2024-11-04T21:06:36.951-0500][gc,phases   ] GC(3)   Post Evacuate Collection Set: 0.5ms
[2024-11-04T21:06:36.951-0500][gc,phases   ] GC(3)   Other: 0.1ms
[2024-11-04T21:06:36.951-0500][gc,heap     ] GC(3) Eden regions: 49->0(46)
[2024-11-04T21:06:36.951-0500][gc,heap     ] GC(3) Survivor regions: 2->5(7)
[2024-11-04T21:06:36.951-0500][gc,heap     ] GC(3) Old regions: 9->9
[2024-11-04T21:06:36.951-0500][gc,heap     ] GC(3) Archive regions: 2->2
[2024-11-04T21:06:36.951-0500][gc,heap     ] GC(3) Humongous regions: 9->9
[2024-11-04T21:06:36.951-0500][gc,metaspace] GC(3) Metaspace: 32327K(32640K)->32327K(32640K) NonClass: 28608K(28800K)->28608K(28800K) Class: 3718K(3840K)->3718K(3840K)
[2024-11-04T21:06:36.951-0500][gc          ] GC(3) Pause Young (Normal) (G1 Evacuation Pause) 69M->22M(1024M) 2.327ms
[2024-11-04T21:06:36.951-0500][gc,cpu      ] GC(3) User=0.01s Sys=0.00s Real=0.00s
[2024-11-04T21:06:37.116-0500][gc,start    ] GC(4) Pause Young (Concurrent Start) (Metadata GC Threshold)
[2024-11-04T21:06:37.116-0500][gc,task     ] GC(4) Using 10 workers of 10 for evacuation
[2024-11-04T21:06:37.119-0500][gc,phases   ] GC(4)   Pre Evacuate Collection Set: 0.2ms
[2024-11-04T21:06:37.119-0500][gc,phases   ] GC(4)   Merge Heap Roots: 0.1ms
[2024-11-04T21:06:37.119-0500][gc,phases   ] GC(4)   Evacuate Collection Set: 2.0ms
[2024-11-04T21:06:37.119-0500][gc,phases   ] GC(4)   Post Evacuate Collection Set: 0.4ms
[2024-11-04T21:06:37.119-0500][gc,phases   ] GC(4)   Other: 0.2ms
[2024-11-04T21:06:37.119-0500][gc,heap     ] GC(4) Eden regions: 20->0(45)
[2024-11-04T21:06:37.119-0500][gc,heap     ] GC(4) Survivor regions: 5->6(7)
[2024-11-04T21:06:37.119-0500][gc,heap     ] GC(4) Old regions: 9->10
[2024-11-04T21:06:37.119-0500][gc,heap     ] GC(4) Archive regions: 2->2
[2024-11-04T21:06:37.119-0500][gc,heap     ] GC(4) Humongous regions: 138->138
[2024-11-04T21:06:37.119-0500][gc,metaspace] GC(4) Metaspace: 35789K(36096K)->35789K(36096K) NonClass: 31776K(31936K)->31776K(31936K) Class: 4013K(4160K)->4013K(4160K)
[2024-11-04T21:06:37.119-0500][gc          ] GC(4) Pause Young (Concurrent Start) (Metadata GC Threshold) 171M->154M(1024M) 3.020ms
[2024-11-04T21:06:37.119-0500][gc,cpu      ] GC(4) User=0.02s Sys=0.01s Real=0.01s
[2024-11-04T21:06:37.119-0500][gc          ] GC(5) Concurrent Mark Cycle
[2024-11-04T21:06:37.119-0500][gc,marking  ] GC(5) Concurrent Clear Claimed Marks
[2024-11-04T21:06:37.119-0500][gc,marking  ] GC(5) Concurrent Clear Claimed Marks 0.025ms
[2024-11-04T21:06:37.119-0500][gc,marking  ] GC(5) Concurrent Scan Root Regions
[2024-11-04T21:06:37.120-0500][gc,marking  ] GC(5) Concurrent Scan Root Regions 1.362ms
[2024-11-04T21:06:37.120-0500][gc,marking  ] GC(5) Concurrent Mark
[2024-11-04T21:06:37.120-0500][gc,marking  ] GC(5) Concurrent Mark From Roots
[2024-11-04T21:06:37.120-0500][gc,task     ] GC(5) Using 3 workers of 3 for marking
[2024-11-04T21:06:37.124-0500][gc,marking  ] GC(5) Concurrent Mark From Roots 3.490ms
[2024-11-04T21:06:37.124-0500][gc,marking  ] GC(5) Concurrent Preclean
[2024-11-04T21:06:37.124-0500][gc,marking  ] GC(5) Concurrent Preclean 0.103ms
[2024-11-04T21:06:37.125-0500][gc,start    ] GC(5) Pause Remark
[2024-11-04T21:06:37.126-0500][gc          ] GC(5) Pause Remark 156M->156M(1024M) 1.337ms
[2024-11-04T21:06:37.126-0500][gc,cpu      ] GC(5) User=0.01s Sys=0.00s Real=0.00s
[2024-11-04T21:06:37.126-0500][gc,marking  ] GC(5) Concurrent Mark 5.869ms
[2024-11-04T21:06:37.126-0500][gc,marking  ] GC(5) Concurrent Rebuild Remembered Sets
[2024-11-04T21:06:37.126-0500][gc,marking  ] GC(5) Concurrent Rebuild Remembered Sets 0.009ms
[2024-11-04T21:06:37.126-0500][gc,start    ] GC(5) Pause Cleanup
[2024-11-04T21:06:37.126-0500][gc          ] GC(5) Pause Cleanup 156M->156M(1024M) 0.025ms
[2024-11-04T21:06:37.126-0500][gc,cpu      ] GC(5) User=0.00s Sys=0.00s Real=0.00s
[2024-11-04T21:06:37.126-0500][gc,marking  ] GC(5) Concurrent Cleanup for Next Mark
[2024-11-04T21:06:37.131-0500][gc,marking  ] GC(5) Concurrent Cleanup for Next Mark 4.298ms
[2024-11-04T21:06:37.131-0500][gc          ] GC(5) Concurrent Mark Cycle 11.991ms
[2024-11-04T21:07:43.624-0500][gc,start    ] GC(6) Pause Young (Normal) (G1 Evacuation Pause)
[2024-11-04T21:07:43.624-0500][gc,task     ] GC(6) Using 10 workers of 10 for evacuation
[2024-11-04T21:07:43.631-0500][gc,phases   ] GC(6)   Pre Evacuate Collection Set: 0.2ms
[2024-11-04T21:07:43.631-0500][gc,phases   ] GC(6)   Merge Heap Roots: 0.2ms
[2024-11-04T21:07:43.631-0500][gc,phases   ] GC(6)   Evacuate Collection Set: 5.7ms
[2024-11-04T21:07:43.631-0500][gc,phases   ] GC(6)   Post Evacuate Collection Set: 0.6ms
[2024-11-04T21:07:43.631-0500][gc,phases   ] GC(6)   Other: 0.1ms
[2024-11-04T21:07:43.631-0500][gc,heap     ] GC(6) Eden regions: 45->0(45)
[2024-11-04T21:07:43.631-0500][gc,heap     ] GC(6) Survivor regions: 6->6(7)
[2024-11-04T21:07:43.631-0500][gc,heap     ] GC(6) Old regions: 10->13
[2024-11-04T21:07:43.631-0500][gc,heap     ] GC(6) Archive regions: 2->2
[2024-11-04T21:07:43.631-0500][gc,heap     ] GC(6) Humongous regions: 138->138
[2024-11-04T21:07:43.631-0500][gc,metaspace] GC(6) Metaspace: 40668K(41216K)->40668K(41216K) NonClass: 35906K(36224K)->35906K(36224K) Class: 4762K(4992K)->4762K(4992K)
[2024-11-04T21:07:43.631-0500][gc          ] GC(6) Pause Young (Normal) (G1 Evacuation Pause) 199M->157M(1024M) 6.930ms
[2024-11-04T21:07:43.631-0500][gc,cpu      ] GC(6) User=0.04s Sys=0.02s Real=0.01s
[2024-11-04T21:12:49.012-0500][gc,start    ] GC(7) Pause Young (Normal) (G1 Evacuation Pause)
[2024-11-04T21:12:49.014-0500][gc,task     ] GC(7) Using 10 workers of 10 for evacuation
[2024-11-04T21:12:49.018-0500][gc,phases   ] GC(7)   Pre Evacuate Collection Set: 0.2ms
[2024-11-04T21:12:49.018-0500][gc,phases   ] GC(7)   Merge Heap Roots: 0.2ms
[2024-11-04T21:12:49.018-0500][gc,phases   ] GC(7)   Evacuate Collection Set: 2.9ms
[2024-11-04T21:12:49.018-0500][gc,phases   ] GC(7)   Post Evacuate Collection Set: 0.6ms
[2024-11-04T21:12:49.018-0500][gc,phases   ] GC(7)   Other: 2.2ms
[2024-11-04T21:12:49.018-0500][gc,heap     ] GC(7) Eden regions: 45->0(46)
[2024-11-04T21:12:49.018-0500][gc,heap     ] GC(7) Survivor regions: 6->5(7)
[2024-11-04T21:12:49.018-0500][gc,heap     ] GC(7) Old regions: 13->16
[2024-11-04T21:12:49.018-0500][gc,heap     ] GC(7) Archive regions: 2->2
[2024-11-04T21:12:49.018-0500][gc,heap     ] GC(7) Humongous regions: 138->138
[2024-11-04T21:12:49.018-0500][gc,metaspace] GC(7) Metaspace: 42226K(42752K)->42226K(42752K) NonClass: 37422K(37696K)->37422K(37696K) Class: 4804K(5056K)->4804K(5056K)
[2024-11-04T21:12:49.018-0500][gc          ] GC(7) Pause Young (Normal) (G1 Evacuation Pause) 202M->158M(1024M) 6.149ms
[2024-11-04T21:12:49.018-0500][gc,cpu      ] GC(7) User=0.03s Sys=0.00s Real=0.00s
[2024-11-04T21:18:21.743-0500][gc,start    ] GC(8) Pause Young (Normal) (G1 Evacuation Pause)
[2024-11-04T21:18:21.743-0500][gc,task     ] GC(8) Using 10 workers of 10 for evacuation
[2024-11-04T21:18:21.748-0500][gc,phases   ] GC(8)   Pre Evacuate Collection Set: 0.3ms
[2024-11-04T21:18:21.748-0500][gc,phases   ] GC(8)   Merge Heap Roots: 0.2ms
[2024-11-04T21:18:21.748-0500][gc,phases   ] GC(8)   Evacuate Collection Set: 3.6ms
[2024-11-04T21:18:21.748-0500][gc,phases   ] GC(8)   Post Evacuate Collection Set: 0.5ms
[2024-11-04T21:18:21.748-0500][gc,phases   ] GC(8)   Other: 0.2ms
[2024-11-04T21:18:21.748-0500][gc,heap     ] GC(8) Eden regions: 46->0(47)
[2024-11-04T21:18:21.748-0500][gc,heap     ] GC(8) Survivor regions: 5->4(7)
[2024-11-04T21:18:21.748-0500][gc,heap     ] GC(8) Old regions: 16->18
[2024-11-04T21:18:21.748-0500][gc,heap     ] GC(8) Archive regions: 2->2
[2024-11-04T21:18:21.748-0500][gc,heap     ] GC(8) Humongous regions: 138->138
[2024-11-04T21:18:21.748-0500][gc,metaspace] GC(8) Metaspace: 42566K(43072K)->42566K(43072K) NonClass: 37738K(38016K)->37738K(38016K) Class: 4828K(5056K)->4828K(5056K)
[2024-11-04T21:18:21.748-0500][gc          ] GC(8) Pause Young (Normal) (G1 Evacuation Pause) 204M->160M(1024M) 4.840ms
[2024-11-04T21:18:21.748-0500][gc,cpu      ] GC(8) User=0.02s Sys=0.00s Real=0.00s
[2024-11-04T21:23:44.353-0500][gc,start    ] GC(9) Pause Young (Normal) (G1 Evacuation Pause)
[2024-11-04T21:23:44.353-0500][gc,task     ] GC(9) Using 10 workers of 10 for evacuation
[2024-11-04T21:23:44.356-0500][gc,phases   ] GC(9)   Pre Evacuate Collection Set: 0.2ms
[2024-11-04T21:23:44.356-0500][gc,phases   ] GC(9)   Merge Heap Roots: 0.1ms
[2024-11-04T21:23:44.356-0500][gc,phases   ] GC(9)   Evacuate Collection Set: 1.5ms
[2024-11-04T21:23:44.356-0500][gc,phases   ] GC(9)   Post Evacuate Collection Set: 0.4ms
[2024-11-04T21:23:44.356-0500][gc,phases   ] GC(9)   Other: 0.1ms
[2024-11-04T21:23:44.356-0500][gc,heap     ] GC(9) Eden regions: 47->0(57)
[2024-11-04T21:23:44.356-0500][gc,heap     ] GC(9) Survivor regions: 4->5(7)
[2024-11-04T21:23:44.356-0500][gc,heap     ] GC(9) Old regions: 18->18
[2024-11-04T21:23:44.356-0500][gc,heap     ] GC(9) Archive regions: 2->2
[2024-11-04T21:23:44.356-0500][gc,heap     ] GC(9) Humongous regions: 138->138
[2024-11-04T21:23:44.356-0500][gc,metaspace] GC(9) Metaspace: 42779K(43264K)->42779K(43264K) NonClass: 37938K(38208K)->37938K(38208K) Class: 4841K(5056K)->4841K(5056K)
[2024-11-04T21:23:44.356-0500][gc          ] GC(9) Pause Young (Normal) (G1 Evacuation Pause) 207M->161M(1024M) 2.489ms
[2024-11-04T21:23:44.356-0500][gc,cpu      ] GC(9) User=0.02s Sys=0.00s Real=0.01s
[2024-11-04T21:28:11.929-0500][gc,start    ] GC(10) Pause Young (Normal) (G1 Evacuation Pause)
[2024-11-04T21:28:11.930-0500][gc,task     ] GC(10) Using 10 workers of 10 for evacuation
[2024-11-04T21:28:11.940-0500][gc,phases   ] GC(10)   Pre Evacuate Collection Set: 0.4ms
[2024-11-04T21:28:11.940-0500][gc,phases   ] GC(10)   Merge Heap Roots: 0.1ms
[2024-11-04T21:28:11.940-0500][gc,phases   ] GC(10)   Evacuate Collection Set: 8.2ms
[2024-11-04T21:28:11.940-0500][gc,phases   ] GC(10)   Post Evacuate Collection Set: 1.1ms
[2024-11-04T21:28:11.940-0500][gc,phases   ] GC(10)   Other: 2.0ms
[2024-11-04T21:28:11.941-0500][gc,heap     ] GC(10) Eden regions: 57->0(51)
[2024-11-04T21:28:11.941-0500][gc,heap     ] GC(10) Survivor regions: 5->8(8)
[2024-11-04T21:28:11.941-0500][gc,heap     ] GC(10) Old regions: 18->18
[2024-11-04T21:28:11.941-0500][gc,heap     ] GC(10) Archive regions: 2->2
[2024-11-04T21:28:11.941-0500][gc,heap     ] GC(10) Humongous regions: 138->138
[2024-11-04T21:28:11.941-0500][gc,metaspace] GC(10) Metaspace: 43066K(43584K)->43066K(43584K) NonClass: 38225K(38528K)->38225K(38528K) Class: 4841K(5056K)->4841K(5056K)
[2024-11-04T21:28:11.941-0500][gc          ] GC(10) Pause Young (Normal) (G1 Evacuation Pause) 218M->164M(1024M) 12.041ms
[2024-11-04T21:28:11.941-0500][gc,cpu      ] GC(10) User=0.04s Sys=0.04s Real=0.01s
