[2024-11-06T10:06:21.896-0500][gc] Using G1
[2024-11-06T10:06:21.901-0500][gc,init] Version: 17.0.12+7-Ubuntu-1ubuntu222.04 (release)
[2024-11-06T10:06:21.901-0500][gc,init] CPUs: 12 total, 12 available
[2024-11-06T10:06:21.901-0500][gc,init] Memory: 7841M
[2024-11-06T10:06:21.901-0500][gc,init] Large Page Support: Disabled
[2024-11-06T10:06:21.901-0500][gc,init] NUMA Support: Disabled
[2024-11-06T10:06:21.901-0500][gc,init] Compressed Oops: Enabled (32-bit)
[2024-11-06T10:06:21.901-0500][gc,init] Heap Region Size: 1M
[2024-11-06T10:06:21.901-0500][gc,init] Heap Min Capacity: 1G
[2024-11-06T10:06:21.901-0500][gc,init] Heap Initial Capacity: 1G
[2024-11-06T10:06:21.901-0500][gc,init] Heap Max Capacity: 1G
[2024-11-06T10:06:21.901-0500][gc,init] Pre-touch: Disabled
[2024-11-06T10:06:21.901-0500][gc,init] Parallel Workers: 10
[2024-11-06T10:06:21.901-0500][gc,init] Concurrent Workers: 3
[2024-11-06T10:06:21.901-0500][gc,init] Concurrent Refinement Workers: 10
[2024-11-06T10:06:21.901-0500][gc,init] Periodic GC: Disabled
[2024-11-06T10:06:21.906-0500][gc,metaspace] CDS archive(s) mapped at: [0x00007f9e67000000-0x00007f9e67bc4000-0x00007f9e67bc4000), size 12337152, SharedBaseAddress: 0x00007f9e67000000, ArchiveRelocationMode: 1.
[2024-11-06T10:06:21.906-0500][gc,metaspace] Compressed class space mapped at: 0x00007f9e68000000-0x00007f9ea8000000, reserved size: 1073741824
[2024-11-06T10:06:21.906-0500][gc,metaspace] Narrow klass base: 0x00007f9e67000000, Narrow klass shift: 0, Narrow klass range: 0x100000000
[2024-11-06T10:06:22.646-0500][gc,heap,exit] Heap
[2024-11-06T10:06:22.647-0500][gc,heap,exit]  garbage-first heap   total 1048576K, used 25520K [0x00000000c0000000, 0x0000000100000000)
[2024-11-06T10:06:22.647-0500][gc,heap,exit]   region size 1024K, 24 young (24576K), 0 survivors (0K)
[2024-11-06T10:06:22.647-0500][gc,heap,exit]  Metaspace       used 9317K, committed 9472K, reserved 1114112K
[2024-11-06T10:06:22.647-0500][gc,heap,exit]   class space    used 1124K, committed 1216K, reserved 1048576K
