[2024-11-09T19:54:12.193-0500][gc] Using G1
[2024-11-09T19:54:12.215-0500][gc,init] Version: 17.0.12+7-Ubuntu-1ubuntu224.04 (release)
[2024-11-09T19:54:12.216-0500][gc,init] CPUs: 12 total, 12 available
[2024-11-09T19:54:12.216-0500][gc,init] Memory: 3847M
[2024-11-09T19:54:12.217-0500][gc,init] Large Page Support: Disabled
[2024-11-09T19:54:12.217-0500][gc,init] NUMA Support: Disabled
[2024-11-09T19:54:12.218-0500][gc,init] Compressed Oops: Enabled (32-bit)
[2024-11-09T19:54:12.218-0500][gc,init] Heap Region Size: 1M
[2024-11-09T19:54:12.219-0500][gc,init] Heap Min Capacity: 1G
[2024-11-09T19:54:12.219-0500][gc,init] Heap Initial Capacity: 1G
[2024-11-09T19:54:12.220-0500][gc,init] Heap Max Capacity: 1G
[2024-11-09T19:54:12.220-0500][gc,init] Pre-touch: Disabled
[2024-11-09T19:54:12.221-0500][gc,init] Parallel Workers: 10
[2024-11-09T19:54:12.221-0500][gc,init] Concurrent Workers: 3
[2024-11-09T19:54:12.222-0500][gc,init] Concurrent Refinement Workers: 10
[2024-11-09T19:54:12.222-0500][gc,init] Periodic GC: Disabled
[2024-11-09T19:54:12.229-0500][gc,metaspace] CDS archive(s) mapped at: [0x00007f6f6f000000-0x00007f6f6fbc4000-0x00007f6f6fbc4000), size 12337152, SharedBaseAddress: 0x00007f6f6f000000, ArchiveRelocationMode: 1.
[2024-11-09T19:54:12.229-0500][gc,metaspace] Compressed class space mapped at: 0x00007f6f70000000-0x00007f6fb0000000, reserved size: 1073741824
[2024-11-09T19:54:12.230-0500][gc,metaspace] Narrow klass base: 0x00007f6f6f000000, Narrow klass shift: 0, Narrow klass range: 0x100000000
[2024-11-09T19:54:14.633-0500][gc,start    ] GC(0) Pause Young (Normal) (G1 Evacuation Pause)
[2024-11-09T19:54:14.634-0500][gc,task     ] GC(0) Using 10 workers of 10 for evacuation
[2024-11-09T19:54:14.647-0500][gc,phases   ] GC(0)   Pre Evacuate Collection Set: 0.3ms
[2024-11-09T19:54:14.647-0500][gc,phases   ] GC(0)   Merge Heap Roots: 0.3ms
[2024-11-09T19:54:14.648-0500][gc,phases   ] GC(0)   Evacuate Collection Set: 10.2ms
[2024-11-09T19:54:14.648-0500][gc,phases   ] GC(0)   Post Evacuate Collection Set: 1.2ms
[2024-11-09T19:54:14.648-0500][gc,phases   ] GC(0)   Other: 1.9ms
[2024-11-09T19:54:14.649-0500][gc,heap     ] GC(0) Eden regions: 51->0(44)
[2024-11-09T19:54:14.649-0500][gc,heap     ] GC(0) Survivor regions: 0->7(7)
[2024-11-09T19:54:14.649-0500][gc,heap     ] GC(0) Old regions: 0->2
[2024-11-09T19:54:14.650-0500][gc,heap     ] GC(0) Archive regions: 2->2
[2024-11-09T19:54:14.650-0500][gc,heap     ] GC(0) Humongous regions: 0->0
[2024-11-09T19:54:14.650-0500][gc,metaspace] GC(0) Metaspace: 17876K(18112K)->17876K(18112K) NonClass: 15880K(16000K)->15880K(16000K) Class: 1995K(2112K)->1995K(2112K)
[2024-11-09T19:54:14.651-0500][gc          ] GC(0) Pause Young (Normal) (G1 Evacuation Pause) 51M->9M(1024M) 17.917ms
[2024-11-09T19:54:14.651-0500][gc,cpu      ] GC(0) User=0.09s Sys=0.01s Real=0.02s
[2024-11-09T19:54:15.020-0500][gc,start    ] GC(1) Pause Young (Concurrent Start) (Metadata GC Threshold)
[2024-11-09T19:54:15.020-0500][gc,task     ] GC(1) Using 10 workers of 10 for evacuation
[2024-11-09T19:54:15.032-0500][gc,phases   ] GC(1)   Pre Evacuate Collection Set: 0.3ms
[2024-11-09T19:54:15.033-0500][gc,phases   ] GC(1)   Merge Heap Roots: 0.2ms
[2024-11-09T19:54:15.033-0500][gc,phases   ] GC(1)   Evacuate Collection Set: 9.7ms
[2024-11-09T19:54:15.034-0500][gc,phases   ] GC(1)   Post Evacuate Collection Set: 1.0ms
[2024-11-09T19:54:15.034-0500][gc,phases   ] GC(1)   Other: 0.9ms
[2024-11-09T19:54:15.034-0500][gc,heap     ] GC(1) Eden regions: 12->0(50)
[2024-11-09T19:54:15.035-0500][gc,heap     ] GC(1) Survivor regions: 7->1(7)
[2024-11-09T19:54:15.035-0500][gc,heap     ] GC(1) Old regions: 2->9
[2024-11-09T19:54:15.035-0500][gc,heap     ] GC(1) Archive regions: 2->2
[2024-11-09T19:54:15.036-0500][gc,heap     ] GC(1) Humongous regions: 0->0
[2024-11-09T19:54:15.036-0500][gc,metaspace] GC(1) Metaspace: 21320K(21504K)->21320K(21504K) NonClass: 19034K(19136K)->19034K(19136K) Class: 2285K(2368K)->2285K(2368K)
[2024-11-09T19:54:15.036-0500][gc          ] GC(1) Pause Young (Concurrent Start) (Metadata GC Threshold) 20M->10M(1024M) 16.237ms
[2024-11-09T19:54:15.037-0500][gc,cpu      ] GC(1) User=0.01s Sys=0.07s Real=0.02s
[2024-11-09T19:54:15.037-0500][gc          ] GC(2) Concurrent Mark Cycle
[2024-11-09T19:54:15.037-0500][gc,marking  ] GC(2) Concurrent Clear Claimed Marks
[2024-11-09T19:54:15.038-0500][gc,marking  ] GC(2) Concurrent Clear Claimed Marks 0.322ms
[2024-11-09T19:54:15.038-0500][gc,marking  ] GC(2) Concurrent Scan Root Regions
[2024-11-09T19:54:15.040-0500][gc,marking  ] GC(2) Concurrent Scan Root Regions 2.629ms
[2024-11-09T19:54:15.041-0500][gc,marking  ] GC(2) Concurrent Mark
[2024-11-09T19:54:15.041-0500][gc,marking  ] GC(2) Concurrent Mark From Roots
[2024-11-09T19:54:15.041-0500][gc,task     ] GC(2) Using 3 workers of 3 for marking
[2024-11-09T19:54:15.044-0500][gc,marking  ] GC(2) Concurrent Mark From Roots 2.905ms
[2024-11-09T19:54:15.044-0500][gc,marking  ] GC(2) Concurrent Preclean
[2024-11-09T19:54:15.045-0500][gc,marking  ] GC(2) Concurrent Preclean 0.435ms
[2024-11-09T19:54:15.045-0500][gc,start    ] GC(2) Pause Remark
[2024-11-09T19:54:15.048-0500][gc          ] GC(2) Pause Remark 11M->11M(1024M) 3.039ms
[2024-11-09T19:54:15.049-0500][gc,cpu      ] GC(2) User=0.00s Sys=0.00s Real=0.01s
[2024-11-09T19:54:15.049-0500][gc,marking  ] GC(2) Concurrent Mark 8.265ms
[2024-11-09T19:54:15.049-0500][gc,marking  ] GC(2) Concurrent Rebuild Remembered Sets
[2024-11-09T19:54:15.052-0500][gc,marking  ] GC(2) Concurrent Rebuild Remembered Sets 2.838ms
[2024-11-09T19:54:15.053-0500][gc,start    ] GC(2) Pause Cleanup
[2024-11-09T19:54:15.054-0500][gc          ] GC(2) Pause Cleanup 11M->11M(1024M) 0.891ms
[2024-11-09T19:54:15.054-0500][gc,cpu      ] GC(2) User=0.00s Sys=0.00s Real=0.00s
[2024-11-09T19:54:15.054-0500][gc,marking  ] GC(2) Concurrent Cleanup for Next Mark
[2024-11-09T19:54:15.059-0500][gc,marking  ] GC(2) Concurrent Cleanup for Next Mark 4.370ms
[2024-11-09T19:54:15.059-0500][gc          ] GC(2) Concurrent Mark Cycle 22.343ms
[2024-11-09T19:54:16.320-0500][gc,start    ] GC(3) Pause Young (Normal) (G1 Evacuation Pause)
[2024-11-09T19:54:16.320-0500][gc,task     ] GC(3) Using 10 workers of 10 for evacuation
[2024-11-09T19:54:16.324-0500][gc,phases   ] GC(3)   Pre Evacuate Collection Set: 0.2ms
[2024-11-09T19:54:16.330-0500][gc,phases   ] GC(3)   Merge Heap Roots: 0.2ms
[2024-11-09T19:54:16.331-0500][gc,phases   ] GC(3)   Evacuate Collection Set: 2.5ms
[2024-11-09T19:54:16.331-0500][gc,phases   ] GC(3)   Post Evacuate Collection Set: 1.1ms
[2024-11-09T19:54:16.331-0500][gc,phases   ] GC(3)   Other: 0.8ms
[2024-11-09T19:54:16.331-0500][gc,heap     ] GC(3) Eden regions: 50->0(47)
[2024-11-09T19:54:16.332-0500][gc,heap     ] GC(3) Survivor regions: 1->4(7)
[2024-11-09T19:54:16.332-0500][gc,heap     ] GC(3) Old regions: 9->9
[2024-11-09T19:54:16.332-0500][gc,heap     ] GC(3) Archive regions: 2->2
[2024-11-09T19:54:16.332-0500][gc,heap     ] GC(3) Humongous regions: 9->9
[2024-11-09T19:54:16.332-0500][gc,metaspace] GC(3) Metaspace: 31755K(32064K)->31755K(32064K) NonClass: 28168K(28352K)->28168K(28352K) Class: 3587K(3712K)->3587K(3712K)
[2024-11-09T19:54:16.332-0500][gc          ] GC(3) Pause Young (Normal) (G1 Evacuation Pause) 69M->22M(1024M) 12.956ms
[2024-11-09T19:54:16.333-0500][gc,cpu      ] GC(3) User=0.02s Sys=0.02s Real=0.01s
[2024-11-09T19:54:16.664-0500][gc,start    ] GC(4) Pause Young (Concurrent Start) (Metadata GC Threshold)
[2024-11-09T19:54:16.664-0500][gc,task     ] GC(4) Using 10 workers of 10 for evacuation
[2024-11-09T19:54:16.670-0500][gc,phases   ] GC(4)   Pre Evacuate Collection Set: 0.3ms
[2024-11-09T19:54:16.671-0500][gc,phases   ] GC(4)   Merge Heap Roots: 0.2ms
[2024-11-09T19:54:16.671-0500][gc,phases   ] GC(4)   Evacuate Collection Set: 3.5ms
[2024-11-09T19:54:16.671-0500][gc,phases   ] GC(4)   Post Evacuate Collection Set: 1.7ms
[2024-11-09T19:54:16.672-0500][gc,phases   ] GC(4)   Other: 0.9ms
[2024-11-09T19:54:16.672-0500][gc,heap     ] GC(4) Eden regions: 27->0(44)
[2024-11-09T19:54:16.673-0500][gc,heap     ] GC(4) Survivor regions: 4->7(7)
[2024-11-09T19:54:16.673-0500][gc,heap     ] GC(4) Old regions: 9->9
[2024-11-09T19:54:16.673-0500][gc,heap     ] GC(4) Archive regions: 2->2
[2024-11-09T19:54:16.674-0500][gc,heap     ] GC(4) Humongous regions: 9->9
[2024-11-09T19:54:16.674-0500][gc,metaspace] GC(4) Metaspace: 35625K(35968K)->35625K(35968K) NonClass: 31633K(31808K)->31633K(31808K) Class: 3992K(4160K)->3992K(4160K)
[2024-11-09T19:54:16.674-0500][gc          ] GC(4) Pause Young (Concurrent Start) (Metadata GC Threshold) 48M->25M(1024M) 10.469ms
[2024-11-09T19:54:16.675-0500][gc,cpu      ] GC(4) User=0.03s Sys=0.00s Real=0.01s
[2024-11-09T19:54:16.675-0500][gc          ] GC(5) Concurrent Mark Cycle
[2024-11-09T19:54:16.675-0500][gc,marking  ] GC(5) Concurrent Clear Claimed Marks
[2024-11-09T19:54:16.676-0500][gc,marking  ] GC(5) Concurrent Clear Claimed Marks 0.324ms
[2024-11-09T19:54:16.676-0500][gc,marking  ] GC(5) Concurrent Scan Root Regions
[2024-11-09T19:54:16.678-0500][gc,marking  ] GC(5) Concurrent Scan Root Regions 1.859ms
[2024-11-09T19:54:16.678-0500][gc,marking  ] GC(5) Concurrent Mark
[2024-11-09T19:54:16.678-0500][gc,marking  ] GC(5) Concurrent Mark From Roots
[2024-11-09T19:54:16.678-0500][gc,task     ] GC(5) Using 3 workers of 3 for marking
[2024-11-09T19:54:16.683-0500][gc,marking  ] GC(5) Concurrent Mark From Roots 5.162ms
[2024-11-09T19:54:16.684-0500][gc,marking  ] GC(5) Concurrent Preclean
[2024-11-09T19:54:16.684-0500][gc,marking  ] GC(5) Concurrent Preclean 0.384ms
[2024-11-09T19:54:16.685-0500][gc,start    ] GC(5) Pause Remark
[2024-11-09T19:54:16.687-0500][gc          ] GC(5) Pause Remark 27M->27M(1024M) 2.400ms
[2024-11-09T19:54:16.688-0500][gc,cpu      ] GC(5) User=0.01s Sys=0.00s Real=0.01s
[2024-11-09T19:54:16.688-0500][gc,marking  ] GC(5) Concurrent Mark 9.946ms
[2024-11-09T19:54:16.688-0500][gc,marking  ] GC(5) Concurrent Rebuild Remembered Sets
[2024-11-09T19:54:16.690-0500][gc,marking  ] GC(5) Concurrent Rebuild Remembered Sets 2.177ms
[2024-11-09T19:54:16.691-0500][gc,start    ] GC(5) Pause Cleanup
[2024-11-09T19:54:16.691-0500][gc          ] GC(5) Pause Cleanup 27M->27M(1024M) 0.569ms
[2024-11-09T19:54:16.692-0500][gc,cpu      ] GC(5) User=0.00s Sys=0.00s Real=0.00s
[2024-11-09T19:54:16.692-0500][gc,marking  ] GC(5) Concurrent Cleanup for Next Mark
[2024-11-09T19:54:16.699-0500][gc,marking  ] GC(5) Concurrent Cleanup for Next Mark 6.651ms
[2024-11-09T19:54:16.699-0500][gc          ] GC(5) Concurrent Mark Cycle 23.959ms
[2024-11-09T20:00:44.504-0500][gc,start    ] GC(6) Pause Young (Prepare Mixed) (G1 Evacuation Pause)
[2024-11-09T20:00:44.512-0500][gc,task     ] GC(6) Using 10 workers of 10 for evacuation
[2024-11-09T20:00:44.615-0500][gc,mmu      ] GC(6) MMU target violated: 21.0ms (20.0ms/21.0ms)
[2024-11-09T20:00:44.617-0500][gc,phases   ] GC(6)   Pre Evacuate Collection Set: 27.3ms
[2024-11-09T20:00:44.617-0500][gc,phases   ] GC(6)   Merge Heap Roots: 4.4ms
[2024-11-09T20:00:44.617-0500][gc,phases   ] GC(6)   Evacuate Collection Set: 48.9ms
[2024-11-09T20:00:44.618-0500][gc,phases   ] GC(6)   Post Evacuate Collection Set: 6.8ms
[2024-11-09T20:00:44.619-0500][gc,phases   ] GC(6)   Other: 36.3ms
[2024-11-09T20:00:44.619-0500][gc,heap     ] GC(6) Eden regions: 44->0(45)
[2024-11-09T20:00:44.619-0500][gc,heap     ] GC(6) Survivor regions: 7->6(7)
[2024-11-09T20:00:44.620-0500][gc,heap     ] GC(6) Old regions: 9->13
[2024-11-09T20:00:44.620-0500][gc,heap     ] GC(6) Archive regions: 2->2
[2024-11-09T20:00:44.620-0500][gc,heap     ] GC(6) Humongous regions: 138->138
[2024-11-09T20:00:44.621-0500][gc,metaspace] GC(6) Metaspace: 39605K(40000K)->39605K(40000K) NonClass: 35294K(35520K)->35294K(35520K) Class: 4311K(4480K)->4311K(4480K)
[2024-11-09T20:00:44.621-0500][gc          ] GC(6) Pause Young (Prepare Mixed) (G1 Evacuation Pause) 198M->156M(1024M) 119.808ms
[2024-11-09T20:00:44.622-0500][gc,cpu      ] GC(6) User=0.71s Sys=0.01s Real=0.12s
[2024-11-09T20:10:48.008-0500][gc,start    ] GC(7) Pause Young (Mixed) (G1 Evacuation Pause)
[2024-11-09T20:10:48.011-0500][gc,task     ] GC(7) Using 10 workers of 10 for evacuation
[2024-11-09T20:10:48.264-0500][gc,mmu      ] GC(7) MMU target violated: 21.0ms (20.0ms/21.0ms)
[2024-11-09T20:10:48.265-0500][gc,phases   ] GC(7)   Pre Evacuate Collection Set: 12.7ms
[2024-11-09T20:10:48.265-0500][gc,phases   ] GC(7)   Merge Heap Roots: 9.0ms
[2024-11-09T20:10:48.265-0500][gc,phases   ] GC(7)   Evacuate Collection Set: 218.8ms
[2024-11-09T20:10:48.265-0500][gc,phases   ] GC(7)   Post Evacuate Collection Set: 6.2ms
[2024-11-09T20:10:48.266-0500][gc,phases   ] GC(7)   Other: 12.7ms
[2024-11-09T20:10:48.266-0500][gc,heap     ] GC(7) Eden regions: 45->0(48)
[2024-11-09T20:10:48.266-0500][gc,heap     ] GC(7) Survivor regions: 6->3(7)
[2024-11-09T20:10:48.266-0500][gc,heap     ] GC(7) Old regions: 13->16
[2024-11-09T20:10:48.266-0500][gc,heap     ] GC(7) Archive regions: 2->2
[2024-11-09T20:10:48.267-0500][gc,heap     ] GC(7) Humongous regions: 138->138
[2024-11-09T20:10:48.267-0500][gc,metaspace] GC(7) Metaspace: 39922K(40256K)->39922K(40256K) NonClass: 35608K(35776K)->35608K(35776K) Class: 4313K(4480K)->4313K(4480K)
[2024-11-09T20:10:48.268-0500][gc          ] GC(7) Pause Young (Mixed) (G1 Evacuation Pause) 201M->156M(1024M) 260.576ms
[2024-11-09T20:10:48.268-0500][gc,cpu      ] GC(7) User=2.17s Sys=0.12s Real=0.26s
[2024-11-09T20:21:44.876-0500][gc,start    ] GC(8) Pause Young (Normal) (G1 Evacuation Pause)
[2024-11-09T20:21:44.880-0500][gc,task     ] GC(8) Using 10 workers of 10 for evacuation
[2024-11-09T20:21:44.957-0500][gc,mmu      ] GC(8) MMU target violated: 21.0ms (20.0ms/21.0ms)
[2024-11-09T20:21:44.957-0500][gc,phases   ] GC(8)   Pre Evacuate Collection Set: 17.3ms
[2024-11-09T20:21:44.958-0500][gc,phases   ] GC(8)   Merge Heap Roots: 5.7ms
[2024-11-09T20:21:44.958-0500][gc,phases   ] GC(8)   Evacuate Collection Set: 28.4ms
[2024-11-09T20:21:44.958-0500][gc,phases   ] GC(8)   Post Evacuate Collection Set: 8.6ms
[2024-11-09T20:21:44.959-0500][gc,phases   ] GC(8)   Other: 30.4ms
[2024-11-09T20:21:44.959-0500][gc,heap     ] GC(8) Eden regions: 48->0(47)
[2024-11-09T20:21:44.959-0500][gc,heap     ] GC(8) Survivor regions: 3->4(7)
[2024-11-09T20:21:44.960-0500][gc,heap     ] GC(8) Old regions: 16->16
[2024-11-09T20:21:44.960-0500][gc,heap     ] GC(8) Archive regions: 2->2
[2024-11-09T20:21:44.960-0500][gc,heap     ] GC(8) Humongous regions: 138->138
[2024-11-09T20:21:44.961-0500][gc,metaspace] GC(8) Metaspace: 40100K(40448K)->40100K(40448K) NonClass: 35787K(35968K)->35787K(35968K) Class: 4313K(4480K)->4313K(4480K)
[2024-11-09T20:21:44.962-0500][gc          ] GC(8) Pause Young (Normal) (G1 Evacuation Pause) 204M->157M(1024M) 88.199ms
[2024-11-09T20:21:44.962-0500][gc,cpu      ] GC(8) User=0.34s Sys=0.06s Real=0.09s
[2024-11-09T20:32:56.098-0500][gc,start    ] GC(9) Pause Young (Normal) (G1 Evacuation Pause)
[2024-11-09T20:32:56.099-0500][gc,task     ] GC(9) Using 10 workers of 10 for evacuation
[2024-11-09T20:32:56.144-0500][gc,mmu      ] GC(9) MMU target violated: 21.0ms (20.0ms/21.0ms)
[2024-11-09T20:32:56.145-0500][gc,phases   ] GC(9)   Pre Evacuate Collection Set: 7.2ms
[2024-11-09T20:32:56.145-0500][gc,phases   ] GC(9)   Merge Heap Roots: 3.0ms
[2024-11-09T20:32:56.146-0500][gc,phases   ] GC(9)   Evacuate Collection Set: 27.5ms
[2024-11-09T20:32:56.146-0500][gc,phases   ] GC(9)   Post Evacuate Collection Set: 4.4ms
[2024-11-09T20:32:56.147-0500][gc,phases   ] GC(9)   Other: 5.5ms
[2024-11-09T20:32:56.147-0500][gc,heap     ] GC(9) Eden regions: 47->0(47)
[2024-11-09T20:32:56.147-0500][gc,heap     ] GC(9) Survivor regions: 4->4(7)
[2024-11-09T20:32:56.148-0500][gc,heap     ] GC(9) Old regions: 16->16
[2024-11-09T20:32:56.148-0500][gc,heap     ] GC(9) Archive regions: 2->2
[2024-11-09T20:32:56.148-0500][gc,heap     ] GC(9) Humongous regions: 138->138
[2024-11-09T20:32:56.149-0500][gc,metaspace] GC(9) Metaspace: 40147K(40448K)->40147K(40448K) NonClass: 35833K(35968K)->35833K(35968K) Class: 4313K(4480K)->4313K(4480K)
[2024-11-09T20:32:56.149-0500][gc          ] GC(9) Pause Young (Normal) (G1 Evacuation Pause) 204M->157M(1024M) 51.601ms
[2024-11-09T20:32:56.150-0500][gc,cpu      ] GC(9) User=0.32s Sys=0.01s Real=0.06s
